// some comments

import {foo} from 'bar';

export function sayHello() {
  console.log('Hello');
}
